
Memory Configuration

Name             Origin             Length             Attributes
flash            0x00000000         0x20000000         xr
sram             0x20000000         0x20000000         xrw
*default*        0x00000000         0xffffffff

Linker script and memory map


.text           0x00000000      0x188
 *(.vectors*)
 .vectors       0x00000000       0x10 startup.o
                0x00000000                g_p_fun_vectors
 *(.text*)
 .text          0x00000010       0xbc main.o
                0x00000010                main
 .text          0x000000cc       0xbc startup.o
                0x000000cc                Default_Hundler
                0x000000cc                NMI_Hundler
                0x000000cc                H_fault_Hundler
                0x000000d8                Reset_Hundler
 *(.rodata)
                0x00000188                _E_text = .

.glue_7         0x00000188        0x0
 .glue_7        0x00000000        0x0 linker stubs

.glue_7t        0x00000188        0x0
 .glue_7t       0x00000000        0x0 linker stubs

.vfp11_veneer   0x00000188        0x0
 .vfp11_veneer  0x00000000        0x0 linker stubs

.v4_bx          0x00000188        0x0
 .v4_bx         0x00000000        0x0 linker stubs

.iplt           0x00000188        0x0
 .iplt          0x00000000        0x0 main.o

.rel.dyn        0x00000188        0x0
 .rel.iplt      0x00000000        0x0 main.o

.data           0x20000000        0x0 load address 0x00000188
                0x20000000                _S_data = .
 *(.data)
 .data          0x20000000        0x0 main.o
 .data          0x20000000        0x0 startup.o
                0x20000000                _E_data = .

.igot.plt       0x20000000        0x0 load address 0x00000188
 .igot.plt      0x00000000        0x0 main.o

.bss            0x20000000      0x400 load address 0x00000188
                0x20000000                _S_bss = .
 *(.bss*)
 .bss           0x20000000        0x0 main.o
 .bss           0x20000000      0x400 startup.o
                0x20000400                . = ALIGN (0x4)
                0x20000400                _E_bss = .
LOAD main.o
LOAD startup.o
OUTPUT(LAB3_Cortex_M4.elf elf32-littlearm)

.debug_info     0x00000000      0x251
 .debug_info    0x00000000       0x9e main.o
 .debug_info    0x0000009e      0x1b3 startup.o

.debug_abbrev   0x00000000      0x147
 .debug_abbrev  0x00000000       0x5c main.o
 .debug_abbrev  0x0000005c       0xeb startup.o

.debug_loc      0x00000000       0x9c
 .debug_loc     0x00000000       0x38 main.o
 .debug_loc     0x00000038       0x64 startup.o

.debug_aranges  0x00000000       0x40
 .debug_aranges
                0x00000000       0x20 main.o
 .debug_aranges
                0x00000020       0x20 startup.o

.debug_line     0x00000000      0x114
 .debug_line    0x00000000       0x63 main.o
 .debug_line    0x00000063       0xb1 startup.o

.debug_str      0x00000000      0x155
 .debug_str     0x00000000       0xbb main.o
                                 0xef (size before relaxing)
 .debug_str     0x000000bb       0x9a startup.o
                                0x171 (size before relaxing)

.comment        0x00000000       0x11
 .comment       0x00000000       0x11 main.o
                                 0x12 (size before relaxing)
 .comment       0x00000000       0x12 startup.o

.ARM.attributes
                0x00000000       0x33
 .ARM.attributes
                0x00000000       0x33 main.o
 .ARM.attributes
                0x00000033       0x33 startup.o

.debug_frame    0x00000000       0x78
 .debug_frame   0x00000000       0x2c main.o
 .debug_frame   0x0000002c       0x4c startup.o
